// Jest Snapshot v1, https://goo.gl/fbAQLP

exports[`should render form 1`] = `
<div>
  <div>
    <form>
      <fieldset>
        <legend>
          SIGN UP
        </legend>
        <div>
          <label
            for="email"
          >
            Email
          </label>
          <input
            id="email"
            type="email"
            value=""
          />
        </div>
        <div>
          <label
            for="password"
          >
            Password
          </label>
          <input
            id="password"
            type="password"
            value=""
          />
        </div>
        <button
          type="submit"
        >
          SIGN UP
        </button>
      </fieldset>
    </form>
  </div>
</div>
`;
